nmilovanovic@fedora:~$ curl -X POST http://localhost:8080/signup \                                                                                                                                                                                                                      
  -H "Content-Type: application/json" \                                                                                                                                                                                                                                                 
  -d '{"username":"testuser","email":"test@test.com","password":"supersecret"}'                                                                                                                                                                                                         
{"message": "Compte créé avec succès"}nmilovanovic@fedora:~$ ^C                                                                                                                                                                                                                         
nmilovanovic@fedora:~$ curl -X POST http://localhost:8080/signup   -H "Content-Type: application/json"   -d '{"username":"testuser","email":"test@test.com","password":"supersecret"}'                                                                                                  
Email ou nom déjà utilisé                                                                                                                                                                                                                                                               
nmilovanovic@fedora:~$ curl -X POST http://localhost:8080/login \                                                                                                                                                                                                                       
  -H "Content-Type: application/json" \                                                                                                                                                                                                                                                 
  -d '{"email":"test@test.com","password":"supersecret"}'                                                                                                                                                                                                                               
{"token":"eyJhbGciOiJIUzI1NiIsInR5cCI6IkpXVCJ9.eyJ1c2VyX2lkIjoxLCJ1c2VybmFtZSI6InRlc3R1c2VyIiwiZXhwIjoxNzQ3NjcwMDkxLCJpYXQiOjE3NDcwNjUyOTF9.bH2qWjw8IKTBw6x4jr7IByGIP1Qpm1fPP9YeLDKXFSk"}                                                                                               
nmilovanovic@fedora:~$ curl -X GET http://localhost:8080/me \                                                                                                                                                                                                                           
  -H "Authorization: Bearer <ton_jwt_ici>"                                                                                                                                                                                                                                              
Token invalide                                                                                                                                                                                                                                                                          
nmilovanovic@fedora:~$ curl -X POST http://localhost:8080/login   -H "Content-Type: application/json"   -d '{"email":"test@test.com","password":"supersecret"}'                                                                                                                         
{"token":"eyJhbGciOiJIUzI1NiIsInR5cCI6IkpXVCJ9.eyJ1c2VyX2lkIjoxLCJ1c2VybmFtZSI6InRlc3R1c2VyIiwiZXhwIjoxNzQ3NjcwNDIzLCJpYXQiOjE3NDcwNjU2MjN9.Ql7KtaKN9SWZPHfMIliUAqyMAwgzIimADx4u7p1TX68"}                                                                                               
nmilovanovic@fedora:~$ curl -X GET http://localhost:8080/me   -H "Authorization: Bearer <ton_jwt_ici>"                                                                                                                                                                                  
Token invalide                                                                                                                                                                                                                                                                          
nmilovanovic@fedora:~$ curl -X GET http://localhost:8080/me   -H "Authorization: Bearer eyJhbGciOiJIUzI1NiIsInR5cCI6IkpXVCJ9.eyJ1c2VyX2lkIjoxLCJ1c2VybmFtZSI6InRlc3R1c2VyIiwiZXhwIjoxNzQ3NjcwNDIzLCJpYXQiOjE3NDcwNjU2MjN9.Ql7KtaKN9SWZPHfMIliUAqyMAwgzIimADx4u7p1TX68"                  
{"id":1,"username":"testuser","email":"test@test.com","created_at":"2025-05-12T15:48:16.30912Z"}                                                                                                                                                                                        
nmilovanovic@fedora:~$ curl -X PUT http://localhost:8080/users/1 \                                                                                                                                                                                                                      
  -H "Authorization: Bearer eyJhbGciOiJIUzI1NiIsInR5cCI6IkpXVCJ9.eyJ1c2VyX2lkIjoxLCJ1c2VybmFtZSI6InRlc3R1c2VyIiwiZXhwIjoxNzQ3NjcwMDkxLCJpYXQiOjE3NDcwNjUyOTF9.bH2qWjw8IKTBw6x4jr7IByGIP1Qpm1fPP9YeLDKXFSk" \                                                                            
  -H "Content-Type: application/json" \                                                                                                                                                                                                                                                 
  -d '{"username":"nouveau_nom","email":"new@email.com"}'                                                                                                                                                                                                                               
{"message": "Profil miscurl -X PUT http://localhost:8080/users/password \/localhost:8080/users/password \                                                                                                                                                                               
  -H "Authorization: Bearer eyJhbGciOiJIUzI1NiIsInR5cCI6IkpXVCJ9.eyJ1c2VyX2lkIjoxLCJ1c2VybmFtZSI6InRlc3R1c2VyIiwiZXhwIjoxNzQ3NjcwMDkxLCJpYXQiOjE3NDcwNjUyOTF9.bH2qWjw8IKTBw6x4jr7IByGIP1Qpm1fPP9YeLDKXFSk" \                                                                            
  -H "Content-Type: application/json" \                                                                                                                                                                                                                                                 
  -d '{"current_password":"supersecret", "new_password":"newpass123"}'                                                                                                                                                                                                                  
Non autorisé                                                                                                                                                                                                                                                                            
nmilovanovic@fedora:~$ curl -X PUT http://localhost:8080/users/password   -H "Authorization: Bearer eyJhbGciOiJIUzI1NiIsInR5cCI6IkpXVCJ9.eyJ1c2VyX2lkIjoxLCJ1c2VybmFtZSI6InRlc3R1c2VyIiwiZXhwIjoxNzQ3NjcwMDkxLCJpYXQiOjE3NDcwNjUyOTF9.bH2qWjw8IKTBw6x4jr7IByGIP1Qpm1fPP9YeLDKXFSk"   -H 
"Content-Type: application/json"   -d '{"current_password":"supersecret", "new_password":"newpass123"}'                                                                                                                                                                                 
Non autorisé                                                                                                                                                                                                                                                                            
nmilovanovic@fedora:~$ curl -X POST http://localhost:8080/login   -H "Content-Type: application/json"   -d '{"email":"test@test.com","password":"supersecret"}'                                                                                                                         
Email ou mot de passe incorrect                                                                                                                                                                                                                                                         
nmilovanovic@fedora:~$ curl -X POST http://localhost:8080/login   -H "Content-Type: application/json"   -d '{"email":"new@email.com","password":"supersecret"}'                                                                                                                         
{"token":"eyJhbGciOiJIUzI1NiIsInR5cCI6IkpXVCJ9.eyJ1c2VyX2lkIjoxLCJ1c2VybmFtZSI6Im5vdXZlYXVfbm9tIiwiZXhwIjoxNzQ3NzI4NTgwLCJpYXQiOjE3NDcxMjM3ODB9.9ZVWKBvxkE7fOVQK-Lx4Fi_UwyNU2ODmjqfTVlCQkBw"}                                                                                           
nmilovanovic@fedora:~$ curl -X PUT http://localhost:8080/users/password   -H "Authorization: Bearer eyJhbGciOiJIUzI1NiIsInR5cCI6IkpXVCJ9.eyJ1c2VyX2lkIjoxLCJ1c2VybmFtZSI6Im5vdXZlYXVfbm9tIiwiZXhwIjoxNzQ3NzI4NTgwLCJpYXQiOjE3NDcxMjM3ODB9.9ZVWKBvxkE7fOVQK-Lx4Fi_UwyNU2ODmjqfTVlCQkBw"  
 -H "Content-Type: application/json"   -d '{"current_password":"supersecret", "new_password":"newpass123"}'                                                                                                                                                                             
Non autorisé                                                                                                                                                                                                                                                                            
nmilovanovic@fedora:~$ curl -X PUT http://localhost:8080/users/password   -H "Authorization: Bearer eyJhbGciOiJIUzI1NiIsInR5cCI6IkpXVCJ9.eyJ1c2VyX2lkIjoxLCJ1c2VybmFtZSI6Im5vdXZlYXVfbm9tIiwiZXhwIjoxNzQ3NzI4NTgwLCJpYXQiOjE3NDcxMjM3ODB9.9ZVWKBvxkE7fOVQK-Lx4Fi_UwyNU2ODmjqfTVlCQkBw"  
 -H "Content-Type: application/json"   -d '{"current_password":"supersecret", "new_password":"newpass123"}'                                                                                                                                                                             
Non autorisé                                                                                                                                                                                                                                                                            
nmilovanovic@fedora:~$ curl -X POST http://localhost:8080/login   -H "Content-Type: application/json"   -d '{"email":"new@email.com","password":"supersecret"}'                                                                                                                         
{"token":"eyJhbGciOiJIUzI1NiIsInR5cCI6IkpXVCJ9.eyJ1c2VyX2lkIjoxLCJ1c2VybmFtZSI6Im5vdXZlYXVfbm9tIiwiZXhwIjoxNzQ3NzI5OTM5LCJpYXQiOjE3NDcxMjUxMzl9.qQycCLT9nmD4OLJxnSzQGZfyGofmDSIklHtTMaZCfkM"}                                                                                           
nmilovanovic@fedora:~$ curl -X PUT http://localhost:8080/users/password   -H "Authorization: Bearer eyJhbGciOiJIUzI1NiIsInR5cCI6IkpXVCJ9.eyJ1c2VyX2lkIjoxLCJ1c2VybmFtZSI6Im5vdXZlYXVfbm9tIiwiZXhwIjoxNzQ3NzI5OTM5LCJpYXQiOjE3NDcxMjUxMzl9.qQycCLT9nmD4OLJxnSzQGZfyGofmDSIklHtTMaZCfkMx" 
  -H "Content-Type: application/json"   -d '{"current_password":"supersecret", "new_password":"newpass123"}'                                                                                                                                                                            
Token invalide                                                                                                                                                                                                                                                                          
nmilovanovic@fedora:~$ curl -X PUT http://localhost:8080/users/password   -H "Authorization: Bearer eyJhbGciOiJIUzI1NiIsInR5cCI6IkpXVCJ9.eyJ1c2VyX2lkIjoxLCJ1c2VybmFtZSI6Im5vdXZlYXVfbm9tIiwiZXhwIjoxNzQ3NzI5OTM5LCJpYXQiOjE3NDcxMjUxMzl9.qQycCLT9nmD4OLJxnSzQGZfyGofmDSIklHtTMaZCfkM"  
 -H "Content-Type: application/json"   -d '{"current_password":"supersecret", "new_password":"newpass123"}'                                                                                                                                                                             
Non autorisé                                                                                                                                                                                                                                                                            
nmilovanovic@fedora:~$ curl -X POST http://localhost:8080/login \                                                                                                                                                                                                                       
  -d '{"email":"new@email.com","password":"supersecret"}'                                                                                                                                                                                                                               
{"token":"eyJhbGciOiJIUzI1NiIsInR5cCI6IkpXVCJ9.eyJ1c2VyX2lkIjoxLCJ1c2VybmFtZSI6Im5vdXZlYXVfbm9tIiwiZXhwIjoxNzQ3NzMwMjMzLCJpYXQiOjE3NDcxMjU0MzN9.YQuweIHZiUztDkETQkj2fTI2LCiosI2CshG2esPBfds"}                                                                                           
nmilovanovic@fedora:~$ curl -X PUT http://localhost:8080/users/password \                                                                                                                                                                                                               
  -H "Authorization: Bearer eyJhbGciOiJIUzI1NiIsInR5cCI6IkpXVCJ9.eyJ1c2VyX2lkIjoxLCJ1c2VybmFtZSI6Im5vdXZlYXVfbm9tIiwiZXhwIjoxNzQ3NzMwMjMzLCJpYXQiOjE3NDcxMjU0MzN9.YQuweIHZiUztDkETQkj2fTI2LCiosI2CshG2esPBfds" \                                                                        
  -d '{"current_password":"supersecret", "new_password":"newpass123"}'                                                                                                                                                                                                                  
Non autorisé                                                                                                                                                                                                                                                                            
nmilovanovic@fedora:~$ curl -X PUT http://localhost:8080/users/password   -H "Authorization: Bearer eyJhbGciOiJIUzI1NiIsInR5cCI6IkpXVCJ9.eyJ1c2VyX2lkIjoxLCJ1c2VybmFtZSI6Im5vdXZlYXVfbm9tIiwiZXhwIjoxNzQ3NzMwMjMzLCJpYXQiOjE3NDcxMjU0MzN9.YQuweIHZiUztDkETQkj2fTI2LCiosI2CshG2esPBfds"  
 -d '{"current_password":"supersecret", "new_password":"newpass123"}'                                                                                                                                                                                                                   
Non autorisé                                                                                                                                                                                                                                                                            
nmilovanovic@fedora:~$ curl -X POST http://localhost:8080/login   -d '{"email":"new@email.com","password":"supersecret"}'                                                                                                                                                               
{"token":"eyJhbGciOiJIUzI1NiIsInR5cCI6IkpXVCJ9.eyJ1c2VyX2lkIjoxLCJ1c2VybmFtZSI6Im5vdXZlYXVfbm9tIiwiZXhwIjoxNzQ3NzMwMzY2LCJpYXQiOjE3NDcxMjU1NjZ9.F3AbMIlEZTdLfGMvIAzq2L3rgv0VGtAa3-LncEZ_ajo"}                                                                                           
nmilovanovic@fedora:~$ curl -X PUT http://localhost:8080/users/password   -H "Authorization: Bearer eyJhbGciOiJIUzI1NiIsInR5cCI6IkpXVCJ9.eyJ1c2VyX2lkIjoxLCJ1c2VybmFtZSI6Im5vdXZlYXVfbm9tIiwiZXhwIjoxNzQ3NzMwMzY2LCJpYXQiOjE3NDcxMjU1NjZ9.F3AbMIlEZTdLfGMvIAzq2L3rgv0VGtAa3-LncEZ_ajo"  
 -d '{"current_password":"supersecret", "new_password":"newpass123"}'                                                                                                                                                                                                                   
Non autorisé                                                                                                                                                                                                                                                                            
nmilovanovic@fedora:~$ curl -X POST http://localhost:8080/login   -d '{"email":"new@email.com","password":"supersecret"}'                                                                                                                                                               
{"token":"eyJhbGciOiJIUzI1NiIsInR5cCI6IkpXVCJ9.eyJ1c2VyX2lkIjoxLCJ1c2VybmFtZSI6Im5vdXZlYXVfbm9tIiwiZXhwIjoxNzQ3NzMwNjcyLCJpYXQiOjE3NDcxMjU4NzJ9.A9a6WI13QbDFKPwHEhL03DNCj4BPExxvxd3WeHgPXj4"}                                                                                           
nmilovanovic@fedora:~$ curl -X PUT http://localhost:8080/users/password   -H "Authorization: Bearer eyJhbGciOiJIUzI1NiIsInR5cCI6IkpXVCJ9.eyJ1c2VyX2lkIjoxLCJ1c2VybmFtZSI6Im5vdXZlYXVfbm9tIiwiZXhwIjoxNzQ3NzMwNjcyLCJpYXQiOjE3NDcxMjU4NzJ9.A9a6WI13QbDFKPwHEhL03DNCj4BPExxvxd3WeHgPXj4"  
 -d '{"current_password":"supersecret", "new_password":"newpass123"}'                                                                                                                                                                                                                   
Non autorisé                                                                                                                                                                                                                                                                            
nmilovanovic@fedora:~$ curl -X POST http://localhost:8080/login   -d '{"email":"new@email.com","password":"supersecret"}'                                                                                                                                                               
{"token":"eyJhbGciOiJIUzI1NiIsInR5cCI6IkpXVCJ9.eyJ1c2VyX2lkIjoxLCJ1c2VybmFtZSI6Im5vdXZlYXVfbm9tIiwiZXhwIjoxNzQ3NzMxMTgzLCJpYXQiOjE3NDcxMjYzODN9.Hd1gSHi5dLN5Zr_o821hZl0_yxsa3s9KGb88uB2A764"}                                                                                           
nmilovanovic@fedora:~$ curl -X PUT http://localhost:8080/users/password   -H "Authorization: Bearer eyJhbGciOiJIUzI1NiIsInR5cCI6IkpXVCJ9.eyJ1c2VyX2lkIjoxLCJ1c2VybmFtZSI6Im5vdXZlYXVfbm9tIiwiZXhwIjoxNzQ3NzMwNjcyLCJpYXQiOjE3NDcxMjU4NzJ9.A9a6WI13QbDFKPwHEhL03DNCj4BPExxvxd3WeHgPXj4"  
 -d '{"current_password":"supersecret", "new_password":"newpass123"}'                                                                                                                                                                                                                   
Non autorisé                                                                                                                                                                                                                                                                            
nmilovanovic@fedora:~$ curl -X POST http://localhost:8080/login   -d '{"email":"new@email.com","password":"supersecret"}'                                                                                                                                                               
{"token":"eyJhbGciOiJIUzI1NiIsInR5cCI6IkpXVCJ9.eyJ1c2VyX2lkIjoxLCJ1c2VybmFtZSI6Im5vdXZlYXVfbm9tIiwiZXhwIjoxNzQ3NzMxMjgyLCJpYXQiOjE3NDcxMjY0ODJ9.Lf6vBuStTEe04T0BZiYiZKSu9wdVUSEMxjYJiuDrZWA"}


nmilovanovic@fedora:~$ curl -X PUT http://localhost:8080/users/password   -H "Authorization: Bearer eyJhbGciOiJIUzI1NiIsInR5cCI6IkpXVCJ9.eyJ1c2VyX2lkIjoxLCJ1c2VybmFtZSI6Im5vdXZlYXVfbm9tIiwiZXhwIjoxNzQ3NzMxMjgyLCJpYXQiOjE3NDcxMjY0ODJ9.Lf6vBuStTEe04T0BZiYiZKSu9wdVUSEMxjYJiuDrZWA"  
-d '{"current_password":"supersecret", "new_password":"newpass123"}'
{"message": "Mot de passe mis à OST http://localhost:8080/login   -d '{"email":"new@email.com","password":"supersecret"}'                    
Email ou mot de passe incorrect
nmilovanovic@fedora:~$ curl -X POST http://localhost:8080/login   -d '{"email":"new@email.com","password":"supersecret"}'                    
Email ou mot de passe incorrect
nmilovanovic@fedora:~$ curl -X POST http://localhost:8080/login   -d '{"email":"new@email.com","password":"newpass123"}'                     
{"token":"eyJhbGciOiJIUzI1NiIsInR5cCI6IkpXVCJ9.eyJ1c2VyX2lkIjoxLCJ1c2VybmFtZSI6Im5vdXZlYXVfbm9tIiwiZXhwIjoxNzQ3NzMxNDU0LCJpYXQiOjE3NDcxMjY2NTR9.1tesMJcObPewy_8DG3xCsKJD0sFBMjS91ocnDtDNEnw"}
nmilovanovic@fedora:~$ curl -X DELETE http://localhost:8080/users/1 \
  -H "Authorization: Bearer eyJhbGciOiJIUzI1NiIsInR5cCI6IkpXVCJ9.eyJ1c2VyX2lkIjoxLCJ1c2VybmFtZSI6Im5vdXZlYXVfbm9tIiwiZXhwIjoxNzQ3NzMxNDU0LCJpYXQiOjE3NDcxMjY2NTR9.1tesMJcObPewy_8DG3xCsKJD0sFBMjS91ocnDtDNEnw"
{"message": "Compte supprimé avec succès"}nmilovanovic@fedora:~$ ^C
nmilovanovic@fedora:~$ curl -X POST http://localhost:8080/signup   -H "Content-Type: application/json"   -d '{"username":"testuser","email":"test@test.com","password":"supersecret"}'
{"message": "Compte crécurl -X POST http://localhost:8080/login \ -X POST http://localhost:8080/login \
  -H "Content-Type: application/json" \
  -d '{"email":"test@test.com","password":"supersecret"}'                                                                                    
{"access_token":"eyJhbGciOiJIUzI1NiIsInR5cCI6IkpXVCJ9.eyJ1c2VyX2lkIjozLCJ1c2VybmFtZSI6InRlc3R1c2VyIiwiZXhwIjoxNzQ3NzMyNTY2LCJpYXQiOjE3NDcxMjc3NjZ9.T-kpm4vQex6Mr7M8l1X6uCSPL_Jd16y7FLhhv_4HNkA","refresh_token":"dec08b63-f8cc-432b-9713-0e6ffaf759bf"}
nmilovanovic@fedora:~$ curl -X POST http://localhost:8080/refresh \
  -H "Content-Type: application/json" \
  -d '{"refresh_token":"dec08b63-f8cc-432b-9713-0e6ffaf759bf"}'                                                                              
{"access_token":"eyJhbGciOiJIUzI1NiIsInR5cCI6IkpXVCJ9.eyJ1c2VyX2lkIjozLCJ1c2VybmFtZSI6InRlc3R1c2VyIiwiZXhwIjoxNzQ3NzMyNTg3LCJpYXQiOjE3NDcxMjc3ODd9.EdZXxwaCEKAq9FTqCCGl5qzVAzDGJfU0piZmOaMW4_4"}
nmilovanovic@fedora:~$ curl -X POST http://localhost:8080/login   -H "Content-Type: application/json"   -d '{"email":"test@test.com","password":"supersecret"}'
{"access_token":"eyJhbGciOiJIUzI1NiIsInR5cCI6IkpXVCJ9.eyJ1c2VyX2lkIjozLCJ1c2VybmFtZSI6InRlc3R1c2VyIiwiZXhwIjoxNzQ3NzMyNTk1LCJpYXQiOjE3NDcxMjc3OTV9._4dMmtOIDVCDfTC-nRIRvPxpxUOwP28CbYGXYEpLZJ8","refresh_token":"7b63e539-d4ca-4a65-b7ed-679f3d287971"}
nmilovanovic@fedora:~$ curl -X POST http://localhost:8080/refresh   -H "Content-Type: application/json"   -d '{"refresh_token":"dec08b63-f8cc-432b-9713-0e6ffaf759bf"}'
{"access_token":"eyJhbGciOiJIUzI1NiIsInR5cCI6IkpXVCJ9.eyJ1c2VyX2lkIjozLCJ1c2VybmFtZSI6InRlc3R1c2VyIiwiZXhwIjoxNzQ3NzMyNTk5LCJpYXQiOjE3NDcxMjc3OTl9.3uBgSkC7ollH1OKY-b10zgwzfOgu-AfiPxZMmHRdAro"}
nmilovanovic@fedora:~$ curl -X POST http://localhost:8080/login   -H "Content-Type: application/json"   -d '{"email":"test@test.com","password":"supersecret"}'
{"access_token":"eyJhbGciOiJIUzI1NiIsInR5cCI6IkpXVCJ9.eyJ1c2VyX2lkIjozLCJ1c2VybmFtZSI6InRlc3R1c2VyIiwiZXhwIjoxNzQ3NzMzMzk5LCJpYXQiOjE3NDcxMjg1OTl9.YRFT0J3PG15R4v5YMSsAMj12OA4--ZhP3-PCeVmAnWQ","refresh_token":"595a47e3-b36b-464f-884c-b1baf9729cf7"}
nmilovanovic@fedora:~$ curl -X GET http://localhost:8080/products \                                                                          
  -H "Authorization: Bearer eyJhbGciOiJIUzI1NiIsInR5cCI6IkpXVCJ9.eyJ1c2VyX2lkIjozLCJ1c2VybmFtZSI6InRlc3R1c2VyIiwiZXhwIjoxNzQ3NzMzMzk5LCJpYXQiOjE3NDcxMjg1OTl9.YRFT0J3PG15R4v5YMSsAMj12OA4--ZhP3-PCeVmAnWQ"
null
nmilovanovic@fedora:~$ curl -X GET http://localhost:8080/products   -H "Authorization: Bearer eyJhbGciOiJIUzI1NiIsInR5cCI6IkpXVCJ9.eyJ1c2VyX2lkIjozLCJ1c2VybmFtZSI6InRlc3R1c2VyIiwiZXhwIjoxNzQ3NzMzMzk5LCJpYXQiOjE3NDcxMjg1OTl9.YRFT0J3PG15R4v5YMSsAMj12OA4--ZhP3-PCeVmAnWQ"
[{"id":1,"name":"Microphone Talas MK1","version":"v1.0","purchase_date":"2025-05-13T00:00:00Z","warranty_expires":"2030-05-13T00:00:00Z"}]
nmilovanovic@fedora:~$ curl -X GET http://localhost:8080/products/1 \
  -H "Authorization: Bearer eyJhbGciOiJIUzI1NiIsInR5cCI6IkpXVCJ9.eyJ1c2VyX2lkIjozLCJ1c2VybmFtZSI6InRlc3R1c2VyIiwiZXhwIjoxNzQ3NzMzMzk5LCJpYXQiOjE3NDcxMjg1OTl9.YRFT0J3PG15R4v5YMSsAMj12OA4--ZhP3-PCeVmAnWQ"
404 page not found
nmilovanovic@fedora:~$ curl -X GET http://localhost:8080/products/1/   -H "Authorization: Bearer eyJhbGciOiJIUzI1NiIsInR5cCI6IkpXVCJ9.eyJ1c2VyX2lkIjozLCJ1c2VybmFtZSI6InRlc3R1c2VyIiwiZXhwIjoxNzQ3NzMzMzk5LCJpYXQiOjE3NDcxMjg1OTl9.YRFT0J3PG15R4v5YMSsAMj12OA4--ZhP3-PCeVmAnWQ"
404 page not found
nmilovanovic@fedora:~$ curl -X GET http://localhost:8080/products/1   -H "Authorization: Bearer eyJhbGciOiJIUzI1NiIsInR5cCI6IkpXVCJ9.eyJ1c2VyX2lkIjozLCJ1c2VybmFtZSI6InRlc3R1c2VyIiwiZXhwIjoxNzQ3NzMzMzk5LCJpYXQiOjE3NDcxMjg1OTl9.YRFT0J3PG15R4v5YMSsAMj12OA4--ZhP3-PCeVmAnWQ"
404 page not found
nmilovanovic@fedora:~$ curl -X POST http://localhost:8080/login   -H "Content-Type: application/json"   -d '{"email":"test@test.com","password":"supersecret"}'
{"access_token":"eyJhbGciOiJIUzI1NiIsInR5cCI6IkpXVCJ9.eyJ1c2VyX2lkIjozLCJ1c2VybmFtZSI6InRlc3R1c2VyIiwiZXhwIjoxNzQ3NzMzODQzLCJpYXQiOjE3NDcxMjkwNDN9.k77OBuAXJ5UgbrHgr8bOb3RoCgExSPLXYpzhm05glhk","refresh_token":"9754e6d5-532b-4cdc-8f73-a1a03786e548"}
nmilovanovic@fedora:~$ curl -X GET http://localhost:8080/products/1   -H "Authorization: Bearer eyJhbGciOiJIUzI1NiIsInR5cCI6IkpXVCJ9.eyJ1c2VyX2lkIjozLCJ1c2VybmFtZSI6InRlc3R1c2VyIiwiZXhwIjoxNzQ3NzMzODQzLCJpYXQiOjE3NDcxMjkwNDN9.k77OBuAXJ5UgbrHgr8bOb3RoCgExSPLXYpzhm05glhk"
404 page not found
nmilovanovic@fedora:~$ curl -X GET http://localhost:8080/products   -H "Authorization: Bearer eyJhbGciOiJIUzI1NiIsInR5cCI6IkpXVCJ9.eyJ1c2VyX2lkIjozLCJ1c2VybmFtZSI6InRlc3R1c2VyIiwiZXhwIjoxNzQ3NzMzMzk5LCJpYXQiOjE3NDcxMjg1OTl9.YRFT0J3PG15R4v5YMSsAMj12OA4--ZhP3-PCeVmAnWQ"
[{"id":1,"name":"Microphone Talas MK1","version":"v1.0","purchase_date":"2025-05-13T00:00:00Z","warranty_expires":"2030-05-13T00:00:00Z"}]
nmilovanovic@fedora:~$ curl -X GET http://localhost:8080/products   -H "Authorization: Bearer eyJhbGciOiJIUzI1NiIsInR5cCI6IkpXVCJ9.eyJ1c2VyX2lkIjozLCJ1c2VybmFtZSI6InRlc3R1c2VyIiwiZXhwIjoxNzQ3NzMzMzk5LCJpYXQiOjE3NDcxMjg1OTl9.YRFT0J3PG15R4v5YMSsAMj12OA4--ZhP3-PCeVmAnWQ"
[{"id":1,"name":"Microphone Talas MK1","version":"v1.0","purchase_date":"2025-05-13T00:00:00Z","warranty_expires":"2030-05-13T00:00:00Z"}]
nmilovanovic@fedora:~$ curl -X GET http://localhost:8080/products/1   -H "Authorization: Bearer eyJhbGciOiJIUzI1NiIsInR5cCI6IkpXVCJ9.eyJ1c2VyX2lkIjozLCJ1c2VybmFtZSI6InRlc3R1c2VyIiwiZXhwIjoxNzQ3NzMzODQzLCJpYXQiOjE3NDcxMjkwNDN9.k77OBuAXJ5UgbrHgr8bOb3RoCgExSPLXYpzhm05glhk"
{"id":1,"name":"Microphone Talas MK1","version":"v1.0","purchase_date":"2025-05-13T00:00:00Z","warranty_expires":"2030-05-13T00:00:00Z"}
nmilovanovic@fedora:~$ curl -X GET http://localhost:8080/products   -H "Authorization: Bearer eyJhbGciOiJIUzI1NiIsInR5cCI6IkpXVCJ9.eyJ1c2VyX2lkIjozLCJ1c2VybmFtZSI6InRlc3R1c2VyIiwiZXhwIjoxNzQ3NzMzMzk5LCJpYXQiOjE3NDcxMjg1OTl9.YRFT0J3PG15R4v5YMSsAMj12OA4--ZhP3-PCeVmAnWQ"
[{"id":1,"name":"Microphone Talas MK1","version":"v1.0","purchase_date":"2025-05-13T00:00:00Z","warranty_expires":"2030-05-13T00:00:00Z"}]
nmilovanovic@fedora:~$ curl -X GET http://localhost:8080/products/1   -H "Authorization: Bearer eyJhbGciOiJIUzI1NiIsInR5cCI6IkpXVCJ9.eyJ1c2VyX2lkIjozLCJ1c2VybmFtZSI6InRlc3R1c2VyIiwiZXhwIjoxNzQ3NzMzODQzLCJpYXQiOjE3NDcxMjkwNDN9.k77OBuAXJ5UgbrHgr8bOb3RoCgExSPLXYpzhm05glhk"
{"id":1,"name":"Microphone Talas MK1","version":"v1.0","purchase_date":"2025-05-13T00:00:00Z","warranty_expires":"2030-05-13T00:00:00Z"}
nmilovanovic@fedora:~$ curl -X POST http://localhost:8080/products/1/files \
  -H "Authorization: Bearer eyJhbGciOiJIUzI1NiIsInR5cCI6IkpXVCJ9.eyJ1c2VyX2lkIjozLCJ1c2VybmFtZSI6InRlc3R1c2VyIiwiZXhwIjoxNzQ3NzMzODQzLCJpYXQiOjE3NDcxMjkwNDN9.k77OBuAXJ5UgbrHgr8bOb3RoCgExSPLXYpzhm05glhk" \
  -F "file=@manual.pdf" \
  -F "type=manual"
curl: (26) Failed to open/read local data from file/application

